// Jest Snapshot v1, https://goo.gl/fbAQLP

exports[`SE prueba la carga de los componentes Se prueba la carga de los componentes 1`] = `
<Fragment>
  <h2>
    GiftExpertApp
  </h2>
  <AddCategory
    setCategories={[Function]}
  />
  <br />
  <button
    onClick={[Function]}
  >
    Reset
  </button>
  <hr />
  <ol>
    <GifGrid
      category="cats"
      key="cats"
    />
  </ol>
</Fragment>
`;
