// Jest Snapshot v1, https://goo.gl/fbAQLP

exports[`SE prueba la carga de los componentes Se prueba la carga de los componentes 1`] = `
<div
  className="card animate__animated animate__fadeIn"
>
  <img
    alt="titulo"
    src="http://localhost/algo.jpg"
  />
  <p>
    titulo
  </p>
</div>
`;
